[sbktcsociety.com/board-of-management.html]
[backblue.gif]
[fade.gif]
[index.html]
[sbktcsociety.com/wp-content/themes/website/js/modernizr.custom.all.min16b9.js]
[sbktcsociety.com/wp-content/themes/website/js/respond.minf488.js]
[sbktcsociety.com/jquery/jquery.js]
[sbktcsociety.com/jquery/jquery-migrate.min.js]
[sbktcsociety.com/wp-content/plugins/LayerSlider/js/layerslider.kreaturamedia.jquery2cb6.js]
[sbktcsociety.com/wp-content/plugins/LayerSlider/js/jquery-easing-1.36f3e.js]
[sbktcsociety.com/wp-content/plugins/LayerSlider/js/jquerytransite2dc.js]
[sbktcsociety.com/wp-content/plugins/LayerSlider/js/layerslider.transitions2cb6.js]
[sbktcsociety.com/wp-content/plugins/revslider/rs-plugin/js/jquery.themepunch.tools.min84bb.js]
[sbktcsociety.com/wp-content/plugins/revslider/rs-plugin/js/jquery.themepunch.revolution.min84bb.js]
[sbktcsociety.com/index.html]
[sbktcsociety.com/wp-content/themes/website/img/logo.png]
[sbktcsociety.com/aboutus.html]
[sbktcsociety.com/gallery.html]
[sbktcsociety.com/contactus.html]
[sbktcsociety.com/emicalculator.html]
[sbktcsociety.com/schemes.html]
[sbktcsociety.com/members-welfare-scheme.html]
[sbktcsociety.com/images/person4.jpg]
[sbktcsociety.com/bkadmin/index.html]
[sbktcsociety.com/images/person-twitter-1.png]
[sbktcsociety.com/images/person-facebook-1.png]
[sbktcsociety.com/images/person-github-1.png]
[sbktcsociety.com/images/NS-RAWAT.jpg]
[sbktcsociety.com/images/person1.jpg]
[sbktcsociety.com/images/person5.jpg]
[sbktcsociety.com/images/geeta-bisht.jpg]
[sbktcsociety.com/images/virender-nautiyal.jpg]
[sbktcsociety.com/images/rekha-khatri.jpg]
[sbktcsociety.com/images/ashok-rautela.jpg]
[sbktcsociety.com/images/person3.jpg]
[sbktcsociety.com/images/person2.jpg]
[sbktcsociety.com/images/v.s.rawat.jpg]
[sbktcsociety.com/agm-sgbm-details.html]
[sbktcsociety.com/bearer-details.html]
[sbktcsociety.com/election-details.html]
[sbktcsociety.com/annual-returns.html]
[sbktcsociety.com/audit-details.html]
[sbktcsociety.com/bye-laws.html]
[sbktcsociety.com/upload/form/1604129559_loan application.pdf]
[sbktcsociety.com/upload/form/1572689211_Membership form.pdf]
[sbktcsociety.com/upload/form/1548352577_SBK resignation form.pdf]
[sbktcsociety.com/upload/form/1507286986_KYC Form.pdf]
[sbktcsociety.com/upload/form/1433787480_Application for FD.pdf]
[sbktcsociety.com/jquery/js_jquery-2.2.0.min.js]
[sbktcsociety.com/loader.gif]
[sbktcsociety.com/images/linkedin.png]
[sbktcsociety.com/images/facebook.png]
[sbktcsociety.com/images/google-plus.png]
[sbktcsociety.com/images/twitter.png]
[sbktcsociety.com/wp-content/themes/website/js/jquery.easing.min6f3e.js]
[sbktcsociety.com/wp-content/themes/website/js/jackbox-lib8a54.js]
[sbktcsociety.com/wp-content/themes/website/js/jackbox8a54.js]
[sbktcsociety.com/wp-content/themes/website/js/jquery.script8a54.js]
[sbktcsociety.com/wp-content/themes/website/js/jquery.tweet.mine7f0.js]
[sbktcsociety.com/board-of-management.html]
[sbktcsociety.com/wp-content/plugins/LayerSlider/css/blank.gif]
[sbktcsociety.com/wp-content/plugins/LayerSlider/css/layerslider2cb6.css]
[sbktcsociety.com/wp-content/plugins/revslider/rs-plugin/font/revicons90c690c6.eot]
[sbktcsociety.com/wp-content/plugins/revslider/rs-plugin/font/revicons90c690c6.woff]
[sbktcsociety.com/wp-content/plugins/revslider/rs-plugin/font/revicons90c690c6.html]
[sbktcsociety.com/wp-content/plugins/revslider/rs-plugin/assets/gridtile.png]
[sbktcsociety.com/wp-content/plugins/revslider/rs-plugin/assets/gridtile_white.png]
[sbktcsociety.com/wp-content/plugins/revslider/rs-plugin/assets/gridtile_3x3.png]
[sbktcsociety.com/wp-content/plugins/revslider/rs-plugin/assets/gridtile_3x3_white.png]
[sbktcsociety.com/wp-content/plugins/revslider/rs-plugin/assets/shadow1.png]
[sbktcsociety.com/wp-content/plugins/revslider/rs-plugin/assets/shadow2.png]
[sbktcsociety.com/wp-content/plugins/revslider/rs-plugin/assets/shadow3.png]
[sbktcsociety.com/wp-content/plugins/revslider/rs-plugin/images/gradient/g30.png]
[sbktcsociety.com/wp-content/plugins/revslider/rs-plugin/images/gradient/g40.png]
[sbktcsociety.com/wp-content/plugins/revslider/rs-plugin/assets/boxed_bgtile.png]
[sbktcsociety.com/wp-content/plugins/revslider/rs-plugin/assets/navigdots_bgtile.png]
[sbktcsociety.com/wp-content/plugins/revslider/rs-plugin/assets/bullet.png]
[sbktcsociety.com/wp-content/plugins/revslider/rs-plugin/assets/bullets.png]
[sbktcsociety.com/wp-content/plugins/revslider/rs-plugin/assets/bullets2.png]
[sbktcsociety.com/wp-content/plugins/revslider/rs-plugin/assets/bullet_boxed.png]
[sbktcsociety.com/wp-content/plugins/revslider/rs-plugin/assets/navigdots.png]
[sbktcsociety.com/wp-content/plugins/revslider/rs-plugin/assets/large_left.png]
[sbktcsociety.com/wp-content/plugins/revslider/rs-plugin/assets/large_right.png]
[sbktcsociety.com/wp-content/plugins/revslider/rs-plugin/assets/small_left.png]
[sbktcsociety.com/wp-content/plugins/revslider/rs-plugin/assets/small_right.png]
[sbktcsociety.com/wp-content/plugins/revslider/rs-plugin/assets/arrow_left.png]
[sbktcsociety.com/wp-content/plugins/revslider/rs-plugin/assets/arrow_right.png]
[sbktcsociety.com/wp-content/plugins/revslider/rs-plugin/assets/small_left_boxed.png]
[sbktcsociety.com/wp-content/plugins/revslider/rs-plugin/assets/small_right_boxed.png]
[sbktcsociety.com/wp-content/plugins/revslider/rs-plugin/assets/arrowleft.png]
[sbktcsociety.com/wp-content/plugins/revslider/rs-plugin/assets/arrowright.png]
[sbktcsociety.com/wp-content/plugins/revslider/rs-plugin/assets/arrow_left2.png]
[sbktcsociety.com/wp-content/plugins/revslider/rs-plugin/assets/arrow_right2.png]
[sbktcsociety.com/wp-content/plugins/revslider/rs-plugin/assets/coloredbg.png]
[sbktcsociety.com/wp-content/plugins/revslider/rs-plugin/assets/loader.gif]
[sbktcsociety.com/wp-content/plugins/revslider/rs-plugin/css/settings84bb.css]
[sbktcsociety.com/wp-content/themes/website/img/loader.gif]
[sbktcsociety.com/wp-content/themes/website/img/search_header.png]
[sbktcsociety.com/wp-content/themes/website/img/search_button.png]
[sbktcsociety.com/wp-content/themes/website/img/social_button.png]
[sbktcsociety.com/wp-content/themes/website/img/close.png]
[sbktcsociety.com/wp-content/themes/website/img/arrow_main_nav.png]
[sbktcsociety.com/wp-content/themes/website/img/slide_up.png]
[sbktcsociety.com/wp-content/themes/website/img/blog_line.png]
[sbktcsociety.com/wp-content/themes/website/img/arrow_content_slider.png]
[sbktcsociety.com/wp-content/themes/website/img/arrow_tour.png]
[sbktcsociety.com/wp-content/themes/website/img/error.png]
[sbktcsociety.com/wp-content/themes/website/img/success.png]
[sbktcsociety.com/wp-content/themes/website/img/notice.png]
[sbktcsociety.com/wp-content/themes/website/img/warning.png]
[sbktcsociety.com/wp-content/themes/website/img/download.png]
[sbktcsociety.com/wp-content/themes/website/img/icon_banner.png]
[sbktcsociety.com/wp-content/themes/website/img/stats_bg.png]
[sbktcsociety.com/wp-content/themes/website/img/arrow_list.png]
[sbktcsociety.com/wp-content/themes/website/img/twitter_icon.png]
[sbktcsociety.com/wp-content/themes/website/img/twitter_icon_bottom.png]
[sbktcsociety.com/wp-content/themes/website/img/icon_search.png]
[sbktcsociety.com/wp-content/themes/website/img/arrow_widget.png]
[sbktcsociety.com/wp-content/themes/website/img/post_format.png]
[sbktcsociety.com/wp-content/themes/website/img/arrow_paginator.png]
[sbktcsociety.com/wp-content/themes/website/img/heart.png]
[sbktcsociety.com/wp-content/themes/website/img/twitter_bottom.png]
[sbktcsociety.com/wp-content/themes/website/img/loader_white.gif]
[sbktcsociety.com/wp-content/themes/website/img/arrow_sort.png]
[sbktcsociety.com/wp-content/themes/website/img/seporator_10.png]
[sbktcsociety.com/wp-content/themes/website/img/radio_check.png]
[sbktcsociety.com/wp-content/themes/website/img/radio_check_bottom.png]
[sbktcsociety.com/wp-content/themes/website/img/arrow_twitter_slider.png]
[sbktcsociety.com/wp-content/themes/website/img/arrow_slider.png]
[sbktcsociety.com/wp-content/themes/website/img/icon.png]
[sbktcsociety.com/wp-content/themes/website/img/Home.png]
[sbktcsociety.com/wp-content/themes/website/style.css]
[sbktcsociety.com/wp-content/themes/website/css/fonts8a54.css]
[sbktcsociety.com/wp-content/themes/website/img/arrow_slider_768.png]
[sbktcsociety.com/wp-content/themes/website/img/retina/resp_navi_bg_2x.png]
[sbktcsociety.com/wp-content/themes/website/img/retina/arrow_slider_768_2x.png]
[sbktcsociety.com/wp-content/themes/website/css/adaptive8a54.css]
[sbktcsociety.com/wp-content/themes/website/css/fonts/icomoon.eot]
[sbktcsociety.com/wp-content/themes/website/css/fonts/icomoond41dd41d.eot]
[sbktcsociety.com/wp-content/themes/website/css/fonts/icomoon.woff]
[sbktcsociety.com/wp-content/themes/website/css/fonts/icomoon.html]
[sbktcsociety.com/wp-content/themes/website/img/loader_product.gif]
[sbktcsociety.com/wp-content/themes/website/css/cmsms-woocommerce-style8a54.css]
[sbktcsociety.com/wp-content/themes/website/img/jackbox/ie_bg.png]
[sbktcsociety.com/wp-content/themes/website/img/jackbox/panel_left.png]
[sbktcsociety.com/wp-content/themes/website/img/jackbox/panel_right.png]
[sbktcsociety.com/wp-content/themes/website/img/jackbox/panel_left_over.png]
[sbktcsociety.com/wp-content/themes/website/img/jackbox/panel_right_over.png]
[sbktcsociety.com/wp-content/themes/website/img/jackbox/left_arrow.png]
[sbktcsociety.com/wp-content/themes/website/img/jackbox/right_arrow.png]
[sbktcsociety.com/wp-content/themes/website/img/jackbox/info.png]
[sbktcsociety.com/wp-content/themes/website/img/jackbox/thumbs_show.png]
[sbktcsociety.com/wp-content/themes/website/img/jackbox/thumbs_hide.png]
[sbktcsociety.com/wp-content/themes/website/img/jackbox/exit.png]
[sbktcsociety.com/wp-content/themes/website/img/jackbox/fullscreen.png]
[sbktcsociety.com/wp-content/themes/website/img/jackbox/normalscreen.png]
[sbktcsociety.com/wp-content/themes/website/img/jackbox/thumb_left.png]
[sbktcsociety.com/wp-content/themes/website/img/jackbox/thumb_right.png]
[sbktcsociety.com/wp-content/themes/website/img/jackbox/ie_preloader.gif]
[sbktcsociety.com/wp-content/themes/website/img/jackbox/retina/left_arrow_2x.png]
[sbktcsociety.com/wp-content/themes/website/img/jackbox/retina/right_arrow_2x.png]
[sbktcsociety.com/wp-content/themes/website/img/jackbox/retina/info_2x.png]
[sbktcsociety.com/wp-content/themes/website/img/jackbox/retina/thumbs_show_2x.png]
[sbktcsociety.com/wp-content/themes/website/img/jackbox/retina/thumbs_hide_2x.png]
[sbktcsociety.com/wp-content/themes/website/img/jackbox/retina/exit_2x.png]
[sbktcsociety.com/wp-content/themes/website/img/jackbox/retina/fullscreen_2x.png]
[sbktcsociety.com/wp-content/themes/website/img/jackbox/retina/normalscreen_2x.png]
[sbktcsociety.com/wp-content/themes/website/img/jackbox/retina/thumb_left_2x.png]
[sbktcsociety.com/wp-content/themes/website/img/jackbox/retina/thumb_right_2x.png]
[sbktcsociety.com/wp-content/themes/website/img/jackbox/retina/panel_left_2x.png]
[sbktcsociety.com/wp-content/themes/website/img/jackbox/retina/panel_right_2x.png]
[sbktcsociety.com/wp-content/themes/website/img/jackbox/retina/panel_left_over_2x.png]
[sbktcsociety.com/wp-content/themes/website/img/jackbox/retina/panel_right_over_2x.png]
[sbktcsociety.com/wp-content/themes/website/css/jackbox8a54.css]
[sbktcsociety.com/wp-content/themes/website/img/jPlayer/jp_bg.png]
[sbktcsociety.com/wp-content/themes/website/img/jPlayer/jp_sprite.png]
[sbktcsociety.com/wp-content/themes/website/img/jPlayer/jp_load.gif]
[sbktcsociety.com/wp-content/themes/website/img/jPlayer/jp_play.png]
[sbktcsociety.com/wp-content/themes/website/css/jquery.jPlayer3c94.css]
[sbktcsociety.com/wp-content/themes/website/css/jquery.isotope5d6b.css]
[sbktcsociety.com/wp-content/themes/website/index.html]
[sbktcsociety.com/images/slider/11.jpg]
[sbktcsociety.com/images/slider/2.jpg]
[sbktcsociety.com/images/slider/3.jpg]
[sbktcsociety.com/images/slider/4.jpg]
[sbktcsociety.com/images/slider/5.jpg]
[sbktcsociety.com/images/slider/6.jpg]
[sbktcsociety.com/images/home-gsfc.jpg]
[sbktcsociety.com/images/home-Teflon.jpg]
[sbktcsociety.com/images/home-ttp.jpg]
[sbktcsociety.com/upload/agenda/meeting_agenda.pdf]
[sbktcsociety.com/upload/agenda/election_agenda_2022.pdf]
[sbktcsociety.com/upload/agenda/bs2020-21.pdf]
[sbktcsociety.com/index.html]
[sbktcsociety.com/images/aboutus-customer.jpg]
[sbktcsociety.com/aboutus.html]
[sbktcsociety.com/11th-annual-general-body-meeting.html]
[sbktcsociety.com/images/11th-agm/2.jpg]
[sbktcsociety.com/12th-annual-general-body-meeting.html]
[sbktcsociety.com/images/12th-agm/3.jpg]
[sbktcsociety.com/13th-annual-general-body-meeting.html]
[sbktcsociety.com/images/13th-agm/0.jpg]
[sbktcsociety.com/14th-annual-general-body-meeting.html]
[sbktcsociety.com/images/14th-agm/6.jpg]
[sbktcsociety.com/15th-annual-general-body-meeting.html]
[sbktcsociety.com/images/15th-agm/1-min.jpg]
[sbktcsociety.com/16th-annual-general-body-meeting.html]
[sbktcsociety.com/images/16th-agm/1-min.jpg]
[sbktcsociety.com/17th-annual-general-body-meeting.html]
[sbktcsociety.com/images/17th-agm/1.jpg]
[sbktcsociety.com/18th-annual-general-body-meeting.html]
[sbktcsociety.com/images/18th-agm/16.jpg]
[sbktcsociety.com/gallery.html]
[www.google.com/recaptcha/api.js]
[sbktcsociety.com/contactus.html]
[sbktcsociety.com/emicalculator.html]
[sbktcsociety.com/images/fd-Schemes1.jpg]
[sbktcsociety.com/schemes.html]
[sbktcsociety.com/members-welfare-scheme.html]
[sbktcsociety.com/bkadmin/images/logo_login.png]
[sbktcsociety.com/bkadmin/index.html]
[sbktcsociety.com/upload/committee/1491203424_mc report.pdf]
[sbktcsociety.com/upload/committee/1442566388_Managing Committe Report 2014-15.pdf]
[sbktcsociety.com/upload/committee/1430134169_Managing Committe Report 2013-14.pdf]
[sbktcsociety.com/agm-sgbm-details.html]
[sbktcsociety.com/bearer-details.html]
[sbktcsociety.com/upload/election/1539800767_AGENDA FOR ELECTION 2018.pdf]
[sbktcsociety.com/upload/election/1444990145_Final List of Contesting Candidates for ellec 2015.pdf]
[sbktcsociety.com/upload/election/1443696811_Ellection Details 2015.pdf]
[sbktcsociety.com/upload/election/1433785769_Ellection Details 2012.pdf]
[sbktcsociety.com/upload/election/1433785586_Election Details 2009.pdf]
[sbktcsociety.com/election-details.html]
[sbktcsociety.com/upload/financial/1616013048_Annual Report 2019-2020.pdf]
[sbktcsociety.com/upload/financial/1646937967_balancesht202021.pdf]
[sbktcsociety.com/upload/financial/1572689660_Annual Report 2018-19.pdf]
[sbktcsociety.com/upload/financial/1539721877_Balance Sheet.pdf]
[sbktcsociety.com/upload/financial/1507287083_Annual Return 2016-2017.pdf]
[sbktcsociety.com/upload/financial/1442567047_Annual Returns 2014-15.pdf]
[sbktcsociety.com/upload/financial/1437221941_balance sheet.pdf]
[sbktcsociety.com/annual-returns.html]
[sbktcsociety.com/upload/audit/1572689422_audit report.pdf]
[sbktcsociety.com/upload/audit/1507286949_Audit Report 2016-2017.pdf]
[sbktcsociety.com/upload/audit/1491203279_audit report2016.pdf]
[sbktcsociety.com/upload/audit/1433786055_audit report 2013-14.pdf]
[sbktcsociety.com/upload/audit/1433785922_Audit Report 2011-12.pdf]
[sbktcsociety.com/audit-details.html]
[sbktcsociety.com/upload/law/1436530938_Bye Laws.pdf]
[sbktcsociety.com/bye-laws.html]
[sbktcsociety.com/wp-content/plugins/revslider/rs-plugin/font/revicons90c690c6.html]
[sbktcsociety.com/wp-content/plugins/revslider/rs-plugin/font/revicons90c690c6.svg]
[sbktcsociety.com/wp-content/themes/website/img/resp_navi_bg.html]
[sbktcsociety.com/wp-content/themes/website/css/fonts/icomoon.html]
[sbktcsociety.com/wp-content/themes/website/css/fonts/icomoon.svg]
[sbktcsociety.com/download/form/membership form.html]
[sbktcsociety.com/images/11th-agm/1.jpg]
[sbktcsociety.com/images/11th-agm/3.jpg]
[sbktcsociety.com/images/11th-agm/4.jpg]
[sbktcsociety.com/images/11th-agm/5.jpg]
[sbktcsociety.com/images/11th-agm/6.jpg]
[sbktcsociety.com/images/11th-agm/7.jpg]
[sbktcsociety.com/images/11th-agm/8.jpg]
[sbktcsociety.com/images/11th-agm/9.jpg]
[sbktcsociety.com/images/11th-agm/10.jpg]
[sbktcsociety.com/images/11th-agm/11.jpg]
[sbktcsociety.com/images/11th-agm/12.jpg]
[sbktcsociety.com/images/11th-agm/13.jpg]
[sbktcsociety.com/images/11th-agm/14.jpg]
[sbktcsociety.com/images/11th-agm/15.jpg]
[sbktcsociety.com/images/11th-agm/16.jpg]
[sbktcsociety.com/11th-annual-general-body-meeting.html]
[sbktcsociety.com/images/12th-agm/2.jpg]
[sbktcsociety.com/images/12th-agm/4.jpg]
[sbktcsociety.com/images/12th-agm/5.jpg]
[sbktcsociety.com/images/12th-agm/6.jpg]
[sbktcsociety.com/images/12th-agm/7.jpg]
[sbktcsociety.com/images/12th-agm/8.jpg]
[sbktcsociety.com/images/12th-agm/9.jpg]
[sbktcsociety.com/images/12th-agm/10.jpg]
[sbktcsociety.com/images/12th-agm/11.jpg]
[sbktcsociety.com/images/12th-agm/12.jpg]
[sbktcsociety.com/images/12th-agm/13.jpg]
[sbktcsociety.com/images/12th-agm/14.jpg]
[sbktcsociety.com/images/12th-agm/15.jpg]
[sbktcsociety.com/images/12th-agm/16.jpg]
[sbktcsociety.com/12th-annual-general-body-meeting.html]
[sbktcsociety.com/images/13th-agm/1.jpg]
[sbktcsociety.com/images/13th-agm/2.jpg]
[sbktcsociety.com/images/13th-agm/3.jpg]
[sbktcsociety.com/images/13th-agm/4.jpg]
[sbktcsociety.com/images/13th-agm/5.jpg]
[sbktcsociety.com/images/13th-agm/6.jpg]
[sbktcsociety.com/images/13th-agm/7.jpg]
[sbktcsociety.com/images/13th-agm/8.jpg]
[sbktcsociety.com/images/13th-agm/9.jpg]
[sbktcsociety.com/images/13th-agm/10.jpg]
[sbktcsociety.com/images/13th-agm/11.jpg]
[sbktcsociety.com/images/13th-agm/12.jpg]
[sbktcsociety.com/images/13th-agm/13.jpg]
[sbktcsociety.com/images/13th-agm/14.jpg]
[sbktcsociety.com/images/13th-agm/15.jpg]
[sbktcsociety.com/images/13th-agm/16.jpg]
[sbktcsociety.com/images/13th-agm/17.jpg]
[sbktcsociety.com/images/13th-agm/18.jpg]
[sbktcsociety.com/images/13th-agm/19.jpg]
[sbktcsociety.com/images/13th-agm/20.jpg]
[sbktcsociety.com/images/13th-agm/21.jpg]
[sbktcsociety.com/images/13th-agm/22.jpg]
[sbktcsociety.com/images/13th-agm/23.jpg]
[sbktcsociety.com/images/13th-agm/24.jpg]
[sbktcsociety.com/images/13th-agm/25.jpg]
[sbktcsociety.com/images/13th-agm/26.jpg]
[sbktcsociety.com/images/13th-agm/27.jpg]
[sbktcsociety.com/images/13th-agm/28.jpg]
[sbktcsociety.com/images/13th-agm/29.jpg]
[sbktcsociety.com/images/13th-agm/30.jpg]
[sbktcsociety.com/images/13th-agm/31.jpg]
[sbktcsociety.com/images/13th-agm/32.jpg]
[sbktcsociety.com/images/13th-agm/33.jpg]
[sbktcsociety.com/images/13th-agm/34.jpg]
[sbktcsociety.com/images/13th-agm/35.jpg]
[sbktcsociety.com/13th-annual-general-body-meeting.html]
[sbktcsociety.com/images/14th-agm/1.jpg]
[sbktcsociety.com/images/14th-agm/2.jpg]
[sbktcsociety.com/images/14th-agm/3.jpg]
[sbktcsociety.com/images/14th-agm/4.jpg]
[sbktcsociety.com/images/14th-agm/5.jpg]
[sbktcsociety.com/14th-annual-general-body-meeting.html]
[sbktcsociety.com/images/15th-agm/2-min.jpg]
[sbktcsociety.com/images/15th-agm/3-min.jpg]
[sbktcsociety.com/images/15th-agm/4-min.jpg]
[sbktcsociety.com/images/15th-agm/5-min.jpg]
[sbktcsociety.com/images/15th-agm/6-min.jpg]
[sbktcsociety.com/images/15th-agm/7-min.jpg]
[sbktcsociety.com/images/15th-agm/8-min.jpg]
[sbktcsociety.com/images/15th-agm/9-min.jpg]
[sbktcsociety.com/images/15th-agm/11-min.jpg]
[sbktcsociety.com/images/15th-agm/12-min.jpg]
[sbktcsociety.com/images/15th-agm/13-min.jpg]
[sbktcsociety.com/images/15th-agm/14-min.jpg]
[sbktcsociety.com/images/15th-agm/15-min.jpg]
[sbktcsociety.com/images/15th-agm/16-min.jpg]
[sbktcsociety.com/images/15th-agm/17-min.jpg]
[sbktcsociety.com/images/15th-agm/18-min.jpg]
[sbktcsociety.com/images/15th-agm/19-min.jpg]
[sbktcsociety.com/images/15th-agm/20-min.jpg]
[sbktcsociety.com/images/15th-agm/21-min.jpg]
[sbktcsociety.com/images/15th-agm/22-min.jpg]
[sbktcsociety.com/images/15th-agm/23-min.jpg]
[sbktcsociety.com/images/15th-agm/24-min.jpg]
[sbktcsociety.com/images/15th-agm/25-min.jpg]
[sbktcsociety.com/images/15th-agm/26-min.jpg]
[sbktcsociety.com/images/15th-agm/27-min.jpg]
[sbktcsociety.com/images/15th-agm/28-min.jpg]
[sbktcsociety.com/images/15th-agm/29-min.jpg]
[sbktcsociety.com/images/15th-agm/30-min.jpg]
[sbktcsociety.com/images/15th-agm/31-min.jpg]
[sbktcsociety.com/images/15th-agm/32-min.jpg]
[sbktcsociety.com/15th-annual-general-body-meeting.html]
[sbktcsociety.com/images/16th-agm/2-min.jpg]
[sbktcsociety.com/images/16th-agm/3-min.jpg]
[sbktcsociety.com/images/16th-agm/4-min.jpg]
[sbktcsociety.com/images/16th-agm/5-min.jpg]
[sbktcsociety.com/images/16th-agm/6-min.jpg]
[sbktcsociety.com/images/16th-agm/7-min.jpg]
[sbktcsociety.com/images/16th-agm/8-min.jpg]
[sbktcsociety.com/images/16th-agm/9-min.jpg]
[sbktcsociety.com/images/16th-agm/11-min.jpg]
[sbktcsociety.com/images/16th-agm/12-min.jpg]
[sbktcsociety.com/images/16th-agm/13-min.jpg]
[sbktcsociety.com/images/16th-agm/14-min.jpg]
[sbktcsociety.com/images/16th-agm/15-min.jpg]
[sbktcsociety.com/16th-annual-general-body-meeting.html]
[sbktcsociety.com/images/17th-agm/2.jpg]
[sbktcsociety.com/images/17th-agm/3.jpg]
[sbktcsociety.com/images/17th-agm/4.jpg]
[sbktcsociety.com/images/17th-agm/5.jpg]
[sbktcsociety.com/images/17th-agm/16.jpg]
[sbktcsociety.com/images/17th-agm/6.jpg]
[sbktcsociety.com/images/17th-agm/7.jpg]
[sbktcsociety.com/images/17th-agm/8.jpg]
[sbktcsociety.com/images/17th-agm/9.jpg]
[sbktcsociety.com/images/17th-agm/10.jpg]
[sbktcsociety.com/images/17th-agm/11.jpg]
[sbktcsociety.com/images/17th-agm/12.jpg]
[sbktcsociety.com/images/17th-agm/13.jpg]
[sbktcsociety.com/images/17th-agm/14.jpg]
[sbktcsociety.com/images/17th-agm/15.jpg]
[sbktcsociety.com/images/17th-agm/17.jpg]
[sbktcsociety.com/images/17th-agm/18.jpg]
[sbktcsociety.com/17th-annual-general-body-meeting.html]
[sbktcsociety.com/images/18th-agm/1.jpg]
[sbktcsociety.com/images/18th-agm/2.jpg]
[sbktcsociety.com/images/18th-agm/3.jpg]
[sbktcsociety.com/images/18th-agm/4.jpg]
[sbktcsociety.com/images/18th-agm/5.jpg]
[sbktcsociety.com/images/18th-agm/6.jpg]
[sbktcsociety.com/images/18th-agm/7.jpg]
[sbktcsociety.com/images/18th-agm/8.jpg]
[sbktcsociety.com/images/18th-agm/9.jpg]
[sbktcsociety.com/images/18th-agm/10.jpg]
[sbktcsociety.com/images/18th-agm/11.jpg]
[sbktcsociety.com/images/18th-agm/12.jpg]
[sbktcsociety.com/images/18th-agm/13.jpg]
[sbktcsociety.com/images/18th-agm/14.jpg]
[sbktcsociety.com/images/18th-agm/15.jpg]
[sbktcsociety.com/18th-annual-general-body-meeting.html]
[sbktcsociety.com/bkadmin/stylesheet/formalize.css]
[sbktcsociety.com/bkadmin/images/bg.jpg]
[sbktcsociety.com/bkadmin/stylesheet/style.css]
[sbktcsociety.com/bkadmin/stylesheet/theme-blue.css]
[sbktcsociety.com/upload/committee/1442566388_Managing Committe Report 2014-15.pdf]
[sbktcsociety.com/upload/committee/1430134169_Managing Committe Report 2013-14.pdf]
[sbktcsociety.com/upload/audit/1507286949_Audit Report 2016-2017.pdf]
[sbktcsociety.com/upload/law/1436530938_Bye Laws.pdf]
[sbktcsociety.com/bkadmin/images/buttone539e539.html]
[sbktcsociety.com/bkadmin/images/marker2.html]
[sbktcsociety.com/bkadmin/images/marker.html]
[sbktcsociety.com/bkadmin/images/top-pattern.html]
[sbktcsociety.com/bkadmin/images/pattern/faded-noise.html]
[sbktcsociety.com/bkadmin/images/pattern/hatch.html]
[sbktcsociety.com/bkadmin/images/sprites.html]
[sbktcsociety.com/bkadmin/images/pattern/faded-cross-hatch.html]
[sbktcsociety.com/bkadmin/images/pattern/line-diag.html]
[sbktcsociety.com/bkadmin/images/bg-input.html]
[sbktcsociety.com/bkadmin/images/bg-input-focus.html]
[sbktcsociety.com/bkadmin/images/bg-top-gallery.html]
[sbktcsociety.com/upload/law/1436530938_Bye Laws.pdf]
